error[E0080]: evaluation panicked: The length of the items must be less than or equal to STACK_CAPACITY.
 --> src/fat_vec/mod.rs
  |
  |           [(); STACK_CAPACITY.checked_sub(ITEMS)
  |  ______________^
  | |             .expect("The length of the items must be less than or equal to STACK_CAPACITY.")]:,
  | |____________________________________________________________________________________________^ evaluation of `linear_collections::FatVec::<u8, 10>::with_partial_array::<11>::{constant#0}` failed here

error[E0275]: overflow evaluating the requirement `[(); linear_collections::::fat_vec::{impl#0}::with_partial_array::{constant#0}] well-formed`
 --> src/fat_vec/trybuild/items_gt_stack_capacity.rs:3:15
  |
3 |     let _fv = FatVec::<u8, 10>::with_partial_array([0; 11]);
  |               ^^^^^^^^^^^^^^^^^^^^^^^^^^^^^^^^^^^^^^^^^^^^^
  |
note: required by a bound in `FatVec::<T, STACK_CAPACITY>::with_partial_array`
 --> src/fat_vec/mod.rs
  |
  |       pub fn with_partial_array<const ITEMS: usize>(items: [T; ITEMS]) -> FatVec<T, STACK_CAPACITY>
  |              ------------------ required by a bound in this associated function
  |       where
  | /         [(); STACK_CAPACITY.checked_sub(ITEMS)
  | |             .expect("The length of the items must be less than or equal to STACK_CAPACITY.")]:,
  | |_____________________________________________________________________________________________^ required by this bound in `FatVec::<T, STACK_CAPACITY>::with_partial_array`
